22:33:31 **** Incremental Build of configuration Debug for project STM32F446RE_drivers ****
make -j12 all 
arm-none-eabi-gcc "../Src/main.c" -mcpu=cortex-m4 -std=gnu11 -g3 -DDEBUG -DSTM32 -DSTM32F4 -DSTM32F446RETx -DNUCLEO_F446RE -c -I../Inc -O0 -ffunction-sections -fdata-sections -Wall -fstack-usage -fcyclomatic-complexity -MMD -MP -MF"Src/main.d" -MT"Src/main.o" --specs=nano.specs -mfloat-abi=soft -mthumb -o "Src/main.o"
arm-none-eabi-gcc -o "STM32F446RE_drivers.elf" @"objects.list"   -mcpu=cortex-m4 -T"E:\all files\FUTURE\GIT HUB\my_journey\STM32F446RE\MCU1\STM32F446RE_drivers\STM32F446RETX_FLASH.ld" --specs=nosys.specs -Wl,-Map="STM32F446RE_drivers.map" -Wl,--gc-sections -static --specs=nano.specs -mfloat-abi=soft -mthumb -Wl,--start-group -lc -lm -Wl,--end-group
Finished building target: STM32F446RE_drivers.elf
 
arm-none-eabi-size  STM32F446RE_drivers.elf 
arm-none-eabi-objdump -h -S STM32F446RE_drivers.elf  > "STM32F446RE_drivers.list"
   text	   data	    bss	    dec	    hex	filename
    712	      0	   1568	   2280	    8e8	STM32F446RE_drivers.elf
Finished building: default.size.stdout
 
Finished building: STM32F446RE_drivers.list
 

22:33:31 Build Finished. 0 errors, 0 warnings. (took 589ms)

