******************************************************************************
          TMS320C6x COFF Linker PC v5.1.0                      
******************************************************************************
>> Linked Fri Oct 31 15:36:58 2025

OUTPUT FILE NAME:   <./Debug/circular.out>
ENTRY POINT SYMBOL: "_c_int00"  address: 0000ba20


MEMORY CONFIGURATION

                  name            origin    length      used    attr    fill
         ----------------------  --------  ---------  --------  ----  --------
         PMEM                    00000020   0000ffe0  0000bc60  RWIX
         EXT0                    00400000   01000000  00000000  RWIX
         EXT1                    01400000   00400000  00000000  RWIX
         EXT2                    02000000   01000000  0000098c  RWIX
         EXT3                    03000000   01000000  00000000  RWIX
         BMEM                    80000000   00010000  00006785  RWIX


SECTION ALLOCATION MAP

 output                                  attributes/
section   page    origin      length       input sections
--------  ----  ----------  ----------   ----------------
.bss       0    80000000    00000000     UNINITIALIZED

.data      0    80000000    00000000     UNINITIALIZED

.switch    0    80000000    00000000     UNINITIALIZED

.stack     0    80000000    00004000     UNINITIALIZED
                  80000000    00000008     rts6400.lib : boot.obj (.stack)

.sysmem    0    80004000    00002000     UNINITIALIZED
                  80004000    00000008     rts6400.lib : memory.obj (.sysmem)

.cinit     0    80006000    0000033c     
                  80006000    00000244     rts6400.lib : defs.obj (.cinit)
                  80006244    00000004     --HOLE-- [fill = 0]
                  80006248    0000005c                 : lowlev.obj (.cinit)
                  800062a4    00000004     --HOLE-- [fill = 0]
                  800062a8    0000002c                 : memory.obj (.cinit)
                  800062d4    00000004     --HOLE-- [fill = 0]
                  800062d8    0000002c                 : exit.obj (.cinit)
                  80006304    00000004     --HOLE-- [fill = 0]
                  80006308    0000001c                 : _lock.obj (.cinit)
                  80006324    00000004     --HOLE-- [fill = 0]
                  80006328    0000000c                 : errno.obj (.cinit)
                  80006334    00000008     --HOLE-- [fill = 0]

.const     0    80006340    00000329     
                  80006340    00000101     rts6400.lib : ctype.obj (.const)
                  80006441    00000002                 : fputs.obj (.const)
                  80006443    00000005     --HOLE-- [fill = 0]
                  80006448    00000098                 : strtold.obj (.const)
                  800064e0    00000098                 : strtod.obj (.const)
                  80006578    000000c7     circular_conv.obj (.const)
                  8000663f    0000002a     rts6400.lib : _printfi.obj (.const)

.cio       0    80006670    00000120     UNINITIALIZED
                  80006670    00000120     rts6400.lib : trgmsg.obj (.cio)

.text      0    00000020    0000bc60     
                  00000020    00000920     rts6400.lib : _scanfi.obj (.text:__scanfi)
                  00000940    00000600                 : strtold.obj (.text:_strtold)
                  00000f40    00000600                 : strtod.obj (.text:_strtod)
                  00001540    000005a0                 : _scanfi.obj (.text:__sset_arg)
                  00001ae0    00000520                 : _printfi.obj (.text:__setfield)
                  00002000    000004a0                 : strtol.obj (.text:_strtol)
                  000024a0    00000480                 : strtoll.obj (.text:_strtoll)
                  00002920    00000480                 : strtoul.obj (.text:_strtoul)
                  00002da0    00000480     circular_conv.obj (.text)
                  00003220    00000460     rts6400.lib : strtoull.obj (.text:_strtoull)
                  00003680    00000440                 : fcvt.obj (.text:_fcvt)
                  00003ac0    00000420                 : ecvt.obj (.text:_ecvt)
                  00003ee0    00000400                 : _printfi.obj (.text:__printfi)
                  000042e0    000003e0                 : _printfi.obj (.text:__fcpy)
                  000046c0    000003e0                 : _printfi.obj (.text:__getarg_diouxp)
                  00004aa0    000003a0                 : _printfi.obj (.text:__pconv_e)
                  00004e40    00000380                 : _scanfi.obj (.text:__sproc_int)
                  000051c0    00000360                 : _printfi.obj (.text:__pproc_fwp)
                  00005520    00000360                 : _scanfi.obj (.text:__sget_conv)
                  00005880    00000340                 : fputs.obj (.text:_fputs)
                  00005bc0    00000320                 : memory.obj (.text:_free)
                  00005ee0    00000300                 : frcdivd.obj (.text:__frcdivd)
                  000061e0    000002e0                 : _scanfi.obj (.text:__sproc_float)
                  000064c0    000002e0                 : _printfi.obj (.text:__pproc_str)
                  000067a0    000002a0                 : imath64.obj (.text:__divull)
                  00006a40    000002a0                 : _printfi.obj (.text:__pconv_g)
                  00006ce0    00000260                 : _printfi.obj (.text:__pproc_diouxp)
                  00006f40    00000240                 : frcaddd.obj (.text:__frcaddd)
                  00007180    00000220                 : trgdrv.obj (.text:_HOSTrename)
                  000073a0    000001e0                 : fscanf.obj (.text:__chkmbc)
                  00007580    000001e0                 : setvbuf.obj (.text:_setvbuf)
                  00007760    000001e0                 : memory.obj (.text:_malloc)
                  00007940    000001c0                 : divd.obj (.text:__divd)
                  00007b00    000001c0                 : _printfi.obj (.text:__mcpy)
                  00007cc0    000001c0                 : imath40.obj (.text:__divul)
                  00007e80    000001c0                 : mpyd.obj (.text:__mpyd)
                  00008040    000001a0                 : _printfi.obj (.text:__pproc_fge)
                  000081e0    000001a0                 : _scanfi.obj (.text:__sproc_lb)
                  00008380    000001a0                 : imath64.obj (.text:__divlli)
                  00008520    00000180                 : _printfi.obj (.text:__ltostr)
                  000086a0    00000180                 : _scanfi.obj (.text:__sproc_str)
                  00008820    00000160                 : _bufread.obj (.text:__buff_read)
                  00008980    00000160                 : addd.obj (.text:__addd)
                  00008ae0    00000140                 : fclose.obj (.text:_fclose)
                  00008c20    00000140                 : atoi.obj (.text:_atoi)
                  00008d60    00000140                 : _printfi.obj (.text:__pproc_fflags)
                  00008ea0    00000140                 : fputc.obj (.text:_fputc)
                  00008fe0    00000140                 : trgdrv.obj (.text:_HOSTopen)
                  00009120    00000140                 : fgetc.obj (.text:_fgetc)
                  00009260    00000140                 : lowlev.obj (.text:_getdevice)
                  000093a0    00000120                 : _printfi.obj (.text:__pconv_f)
                  000094c0    00000120                 : _scanfi.obj (.text:__sget_scanset)
                  000095e0    00000120                 : frcmpyd.obj (.text:__frcmpyd)
                  00009700    00000120                 : ungetc.obj (.text:_ungetc)
                  00009820    00000120                 : trgdrv.obj (.text:_HOSTlseek)
                  00009940    00000100                 : trgdrv.obj (.text:_HOSTunlink)
                  00009a40    00000100                 : autoinit.obj (.text:__auto_init)
                  00009b40    00000100                 : lowlev.obj (.text:_lseek)
                  00009c40    00000100                 : divi.obj (.text:__divi)
                  00009d40    00000100                 : trgdrv.obj (.text:_HOSTread)
                  00009e40    00000100                 : trgdrv.obj (.text:_HOSTwrite)
                  00009f40    00000100                 : _io_perm.obj (.text:__wrt_ok)
                  0000a040    00000100                 : lowlev.obj (.text:_close)
                  0000a140    00000100                 : exit.obj (.text:_exit)
                  0000a240    00000100                 : fseek.obj (.text:_fseek)
                  0000a340    00000100                 : memset.obj (.text:_memset)
                  0000a440    00000100                 : ltoa.obj (.text:_ltoa)
                  0000a540    00000100                 : lowlev.obj (.text:_write)
                  0000a640    00000100                 : _printfi.obj (.text:__div)
                  0000a740    00000100                 : lowlev.obj (.text:_read)
                  0000a840    000000e0                 : fopen.obj (.text:__cleanup)
                  0000a920    000000e0                 : _printfi.obj (.text:__ecpy)
                  0000aa00    000000c0                 : trgmsg.obj (.text:_readmsg)
                  0000aac0    000000c0                 : memory.obj (.text:_minsert)
                  0000ab80    000000c0                 : fflush.obj (.text:__doflush)
                  0000ac40    000000c0                 : _io_perm.obj (.text:__rd_ok)
                  0000ad00    000000c0                 : memory.obj (.text:_mremove)
                  0000adc0    000000c0                 : lowlev.obj (.text:_finddevice)
                  0000ae80    000000c0                 : imath40.obj (.text:__divli)
                  0000af40    000000c0                 : trgdrv.obj (.text:_HOSTclose)
                  0000b000    000000c0                 : divu.obj (.text:__divu)
                  0000b0c0    000000a0                 : mpyll.obj (.text:__mpyll)
                  0000b160    000000a0                 : trgmsg.obj (.text:_writemsg)
                  0000b200    000000a0                 : fscanf.obj (.text:_scanf)
                  0000b2a0    000000a0                 : renormd.obj (.text:_renormd)
                  0000b340    000000a0                 : imath40.obj (.text:__remli)
                  0000b3e0    000000a0                 : cmpd.obj (.text:__cmpd)
                  0000b480    000000a0                 : printf.obj (.text:_printf)
                  0000b520    000000a0                 : fixdli.obj (.text:__fixdli)
                  0000b5c0    000000a0                 : cvtdf.obj (.text:__cvtdf)
                  0000b660    000000a0                 : fixdi.obj (.text:__fixdi)
                  0000b700    00000080                 : memcpy64.obj (.text:_memcpy)
                  0000b780    00000080                 : memccpy.obj (.text:_memccpy)
                  0000b800    00000080                 : llshift.obj (.text:__llshl)
                  0000b880    00000080                 : lowlev.obj (.text:_unlink)
                  0000b900    00000060                 : llshift.obj (.text:__llshru)
                  0000b960    00000060                 : fltid.obj (.text:__fltid)
                  0000b9c0    00000060                 : imath64.obj (.text:__subcull)
                  0000ba20    00000060                 : boot.obj (.text:_c_int00)
                  0000ba80    00000040                 : args_main.obj (.text:__args_main)
                  0000bac0    00000040                 : negd.obj (.text:__negd)
                  0000bb00    00000040                 : abs.obj (.text:_llabs)
                  0000bb40    00000040                 : subd.obj (.text:__subd)
                  0000bb80    00000020                 : _lock.obj (.text:__nop)
                  0000bba0    00000020                 : fscanf.obj (.text:__inpchar)
                  0000bbc0    00000020                 : negll.obj (.text:__negll)
                  0000bbe0    00000020                 : remove.obj (.text:_remove)
                  0000bc00    00000020                 : printf.obj (.text:__outs)
                  0000bc20    00000020                 : exit.obj (.text:_abort)
                  0000bc40    00000020                 : fscanf.obj (.text:__uninpchar)
                  0000bc60    00000020                 : printf.obj (.text:__outc)

.far       0    02000000    0000098c     UNINITIALIZED
                  02000000    00000374     rts6400.lib : defs.obj (.far)
                  02000374    00000004                 : errno.obj (.far)
                  02000378    00000190                 : fcvt.obj (.far)
                  02000508    00000190                 : _printfi.obj (.far)
                  02000698    0000011c                 : lowlev.obj (.far)
                  020007b8    000000d0                 : trgdrv.obj (.far)
                  02000888    00000090                 : exit.obj (.far)
                  02000918    00000064                 : ecvt.obj (.far)
                  0200097c    00000008                 : _lock.obj (.far)
                  02000984    00000008                 : memory.obj (.far)


GLOBAL SYMBOLS: SORTED ALPHABETICALLY BY Name 

address    name
--------   ----
80000000   $bss
80000000   .bss
80000000   .data
00000020   .text
0000bc20   C$$EXIT
0000b1f8   C$$IO$$
0000af40   _HOSTclose
00009820   _HOSTlseek
00008fe0   _HOSTopen
00009d40   _HOSTread
00007180   _HOSTrename
00009940   _HOSTunlink
00009e40   _HOSTwrite
80006670   __CIOBUF_
00004000   __STACK_SIZE
00002000   __SYSMEM_SIZE
ffffffff   ___binit__
80000000   ___bss__
ffffffff   ___c_args__
80006000   ___cinit__
80000000   ___data__
80000000   ___edata__
80000000   ___end__
0000bc80   ___etext__
ffffffff   ___pinit__
00000020   ___text__
00008980   __addd
0000ba80   __args_main
00009a40   __auto_init
00008820   __buff_read
0000a840   __cleanup
02000910   __cleanup_ptr
0000b3e0   __cmpd
80006340   __ctypes_
0000b5c0   __cvtdf
00007940   __divd
00009c40   __divi
0000ae80   __divli
00008380   __divlli
0000b000   __divu
00007cc0   __divul
000067a0   __divull
0000ab80   __doflush
02000914   __dtors_ptr
0000b660   __fixdi
0000b520   __fixdli
0000b960   __fltid
00006f40   __frcaddd
00005ee0   __frcdivd
000095e0   __frcmpyd
02000370   __ft_end
02000000   __ftable
0000b800   __llshl
0000b900   __llshru
0200097c   __lock
00007e80   __mpyd
0000b0c0   __mpyll
0000bac0   __negd
0000bbc0   __negll
0000bb80   __nop
00003ee0   __printfi
0000ac40   __rd_ok
0000b340   __remli
00000020   __scanfi
80000000   __stack
0000b9c0   __subcull
0000bb40   __subd
80004000   __sys_memory
02000230   __tmpnams
02000980   __unlock
00009f40   __wrt_ok
0000bc20   _abort
00008c20   _atoi
0000ba20   _c_int00
0000a040   _close
00003ac0   _ecvt
02000374   _errno
0000a140   _exit
00008ae0   _fclose
00003680   _fcvt
00009120   _fgetc
00008ea0   _fputc
00005880   _fputs
00005bc0   _free
0000a240   _fseek
0000bb00   _llabs
00009b40   _lseek
0000a440   _ltoa
00002da0   _main
00007760   _malloc
0000b780   _memccpy
0000b700   _memcpy
0000a340   _memset
0000b480   _printf
0000a740   _read
0000aa00   _readmsg
0000bbe0   _remove
0000b2a0   _renormd
0000b200   _scanf
00007580   _setvbuf
00000f40   _strtod
00002000   _strtol
00000940   _strtold
000024a0   _strtoll
00002920   _strtoul
00003220   _strtoull
00009700   _ungetc
0000b880   _unlink
0000a540   _write
0000b160   _writemsg
ffffffff   binit
80006000   cinit
80000000   edata
80000000   end
0000bc80   etext
ffffffff   pinit


GLOBAL SYMBOLS: SORTED BY Symbol Address 

address    name
--------   ----
00000020   .text
00000020   __scanfi
00000020   ___text__
00000940   _strtold
00000f40   _strtod
00002000   __SYSMEM_SIZE
00002000   _strtol
000024a0   _strtoll
00002920   _strtoul
00002da0   _main
00003220   _strtoull
00003680   _fcvt
00003ac0   _ecvt
00003ee0   __printfi
00004000   __STACK_SIZE
00005880   _fputs
00005bc0   _free
00005ee0   __frcdivd
000067a0   __divull
00006f40   __frcaddd
00007180   _HOSTrename
00007580   _setvbuf
00007760   _malloc
00007940   __divd
00007cc0   __divul
00007e80   __mpyd
00008380   __divlli
00008820   __buff_read
00008980   __addd
00008ae0   _fclose
00008c20   _atoi
00008ea0   _fputc
00008fe0   _HOSTopen
00009120   _fgetc
000095e0   __frcmpyd
00009700   _ungetc
00009820   _HOSTlseek
00009940   _HOSTunlink
00009a40   __auto_init
00009b40   _lseek
00009c40   __divi
00009d40   _HOSTread
00009e40   _HOSTwrite
00009f40   __wrt_ok
0000a040   _close
0000a140   _exit
0000a240   _fseek
0000a340   _memset
0000a440   _ltoa
0000a540   _write
0000a740   _read
0000a840   __cleanup
0000aa00   _readmsg
0000ab80   __doflush
0000ac40   __rd_ok
0000ae80   __divli
0000af40   _HOSTclose
0000b000   __divu
0000b0c0   __mpyll
0000b160   _writemsg
0000b1f8   C$$IO$$
0000b200   _scanf
0000b2a0   _renormd
0000b340   __remli
0000b3e0   __cmpd
0000b480   _printf
0000b520   __fixdli
0000b5c0   __cvtdf
0000b660   __fixdi
0000b700   _memcpy
0000b780   _memccpy
0000b800   __llshl
0000b880   _unlink
0000b900   __llshru
0000b960   __fltid
0000b9c0   __subcull
0000ba20   _c_int00
0000ba80   __args_main
0000bac0   __negd
0000bb00   _llabs
0000bb40   __subd
0000bb80   __nop
0000bbc0   __negll
0000bbe0   _remove
0000bc20   _abort
0000bc20   C$$EXIT
0000bc80   etext
0000bc80   ___etext__
02000000   __ftable
02000230   __tmpnams
02000370   __ft_end
02000374   _errno
02000910   __cleanup_ptr
02000914   __dtors_ptr
0200097c   __lock
02000980   __unlock
80000000   .data
80000000   end
80000000   ___bss__
80000000   $bss
80000000   edata
80000000   .bss
80000000   ___edata__
80000000   ___data__
80000000   __stack
80000000   ___end__
80004000   __sys_memory
80006000   cinit
80006000   ___cinit__
80006340   __ctypes_
80006670   __CIOBUF_
ffffffff   pinit
ffffffff   ___c_args__
ffffffff   ___binit__
ffffffff   ___pinit__
ffffffff   binit

[116 symbols]
