******************************************************************************
          TMS320C6x COFF Linker PC v5.1.0                      
******************************************************************************
>> Linked Wed Nov 12 09:43:34 2025

OUTPUT FILE NAME:   <./Debug/exp10_dft.out>
ENTRY POINT SYMBOL: "_c_int00"  address: 0000c900


MEMORY CONFIGURATION

                  name            origin    length      used    attr    fill
         ----------------------  --------  ---------  --------  ----  --------
         PMEM                    00000020   0000ffe0  0000cd80  RWIX
         EXT0                    00400000   01000000  00000000  RWIX
         EXT1                    01400000   00400000  00000000  RWIX
         EXT2                    02000000   01000000  00000a10  RWIX
         EXT3                    03000000   01000000  00000000  RWIX
         BMEM                    80000000   00010000  00006783  RWIX


SECTION ALLOCATION MAP

 output                                  attributes/
section   page    origin      length       input sections
--------  ----  ----------  ----------   ----------------
.bss       0    80000000    00000000     UNINITIALIZED

.data      0    80000000    00000000     UNINITIALIZED

.switch    0    80000000    00000000     UNINITIALIZED

.stack     0    80000000    00004000     UNINITIALIZED
                  80000000    00000008     rts6400.lib : boot.obj (.stack)

.sysmem    0    80004000    00002000     UNINITIALIZED
                  80004000    00000008     rts6400.lib : memory.obj (.sysmem)

.cinit     0    80006000    000003cc     
                  80006000    00000244     rts6400.lib : defs.obj (.cinit)
                  80006244    00000004     --HOLE-- [fill = 0]
                  80006248    0000005c                 : lowlev.obj (.cinit)
                  800062a4    00000004     --HOLE-- [fill = 0]
                  800062a8    00000048                 : sin.obj (.cinit)
                  800062f0    00000048                 : cos.obj (.cinit)
                  80006338    0000002c                 : exit.obj (.cinit)
                  80006364    00000004     --HOLE-- [fill = 0]
                  80006368    0000002c                 : memory.obj (.cinit)
                  80006394    00000004     --HOLE-- [fill = 0]
                  80006398    0000001c                 : _lock.obj (.cinit)
                  800063b4    00000004     --HOLE-- [fill = 0]
                  800063b8    0000000c                 : errno.obj (.cinit)
                  800063c4    00000008     --HOLE-- [fill = 0]

.const     0    800063d0    00000297     
                  800063d0    00000101     rts6400.lib : ctype.obj (.const)
                  800064d1    00000002                 : fputs.obj (.const)
                  800064d3    00000005     --HOLE-- [fill = 0]
                  800064d8    00000098                 : strtold.obj (.const)
                  80006570    00000098                 : strtod.obj (.const)
                  80006608    00000035     exp10_dft.obj (.const)
                  8000663d    0000002a     rts6400.lib : _printfi.obj (.const)

.cio       0    80006668    00000120     UNINITIALIZED
                  80006668    00000120     rts6400.lib : trgmsg.obj (.cio)

.text      0    00000020    0000cd80     
                  00000020    00000920     rts6400.lib : _scanfi.obj (.text:__scanfi)
                  00000940    00000600                 : strtod.obj (.text:_strtod)
                  00000f40    00000600                 : strtold.obj (.text:_strtold)
                  00001540    000005a0                 : _scanfi.obj (.text:__sset_arg)
                  00001ae0    00000520                 : _printfi.obj (.text:__setfield)
                  00002000    00000500                 : cos.obj (.text:_cos)
                  00002500    000004a0                 : sin.obj (.text:_sin)
                  000029a0    000004a0                 : strtol.obj (.text:_strtol)
                  00002e40    00000480                 : strtoll.obj (.text:_strtoll)
                  000032c0    00000480     exp10_dft.obj (.text)
                  00003740    00000480     rts6400.lib : strtoul.obj (.text:_strtoul)
                  00003bc0    00000460                 : strtoull.obj (.text:_strtoull)
                  00004020    00000440                 : fcvt.obj (.text:_fcvt)
                  00004460    00000420                 : ecvt.obj (.text:_ecvt)
                  00004880    00000400                 : _printfi.obj (.text:__printfi)
                  00004c80    000003e0                 : _printfi.obj (.text:__fcpy)
                  00005060    000003e0                 : _printfi.obj (.text:__getarg_diouxp)
                  00005440    000003a0                 : _printfi.obj (.text:__pconv_e)
                  000057e0    00000380                 : _scanfi.obj (.text:__sproc_int)
                  00005b60    00000360                 : _printfi.obj (.text:__pproc_fwp)
                  00005ec0    00000360                 : _scanfi.obj (.text:__sget_conv)
                  00006220    00000340                 : fputs.obj (.text:_fputs)
                  00006560    00000320                 : memory.obj (.text:_free)
                  00006880    00000300                 : frcdivd.obj (.text:__frcdivd)
                  00006b80    000002e0                 : _scanfi.obj (.text:__sproc_float)
                  00006e60    000002e0                 : _printfi.obj (.text:__pproc_str)
                  00007140    000002a0                 : _printfi.obj (.text:__pconv_g)
                  000073e0    000002a0                 : imath64.obj (.text:__divull)
                  00007680    00000260                 : _printfi.obj (.text:__pproc_diouxp)
                  000078e0    00000240                 : frcaddd.obj (.text:__frcaddd)
                  00007b20    00000220                 : trgdrv.obj (.text:_HOSTrename)
                  00007d40    000001e0                 : fscanf.obj (.text:__chkmbc)
                  00007f20    000001e0                 : memory.obj (.text:_malloc)
                  00008100    000001e0                 : setvbuf.obj (.text:_setvbuf)
                  000082e0    000001c0                 : divd.obj (.text:__divd)
                  000084a0    000001c0                 : mpyd.obj (.text:__mpyd)
                  00008660    000001c0                 : _printfi.obj (.text:__mcpy)
                  00008820    000001c0                 : imath40.obj (.text:__divul)
                  000089e0    000001a0                 : _printfi.obj (.text:__pproc_fge)
                  00008b80    000001a0                 : imath64.obj (.text:__divlli)
                  00008d20    000001a0                 : _scanfi.obj (.text:__sproc_lb)
                  00008ec0    00000180                 : _scanfi.obj (.text:__sproc_str)
                  00009040    00000180                 : _printfi.obj (.text:__ltostr)
                  000091c0    00000160                 : addd.obj (.text:__addd)
                  00009320    00000160                 : frcdivf.obj (.text:__frcdivf)
                  00009480    00000160                 : round.obj (.text:__round)
                  000095e0    00000160                 : mpyf.obj (.text:__mpyf)
                  00009740    00000160                 : divf.obj (.text:__divf)
                  000098a0    00000160                 : _bufread.obj (.text:__buff_read)
                  00009a00    00000140                 : trgdrv.obj (.text:_HOSTopen)
                  00009b40    00000140                 : atoi.obj (.text:_atoi)
                  00009c80    00000140                 : fclose.obj (.text:_fclose)
                  00009dc0    00000140                 : fgetc.obj (.text:_fgetc)
                  00009f00    00000140                 : lowlev.obj (.text:_getdevice)
                  0000a040    00000140                 : _printfi.obj (.text:__pproc_fflags)
                  0000a180    00000140                 : fputc.obj (.text:_fputc)
                  0000a2c0    00000120                 : trgdrv.obj (.text:_HOSTlseek)
                  0000a3e0    00000120                 : ungetc.obj (.text:_ungetc)
                  0000a500    00000120                 : _scanfi.obj (.text:__sget_scanset)
                  0000a620    00000120                 : _printfi.obj (.text:__pconv_f)
                  0000a740    00000120                 : frcmpyd.obj (.text:__frcmpyd)
                  0000a860    00000100                 : ltoa.obj (.text:_ltoa)
                  0000a960    00000100                 : lowlev.obj (.text:_close)
                  0000aa60    00000100                 : exit.obj (.text:_exit)
                  0000ab60    00000100                 : lowlev.obj (.text:_write)
                  0000ac60    00000100                 : lowlev.obj (.text:_read)
                  0000ad60    00000100                 : trgdrv.obj (.text:_HOSTread)
                  0000ae60    00000100                 : autoinit.obj (.text:__auto_init)
                  0000af60    00000100                 : memset.obj (.text:_memset)
                  0000b060    00000100                 : trgdrv.obj (.text:_HOSTunlink)
                  0000b160    00000100                 : divi.obj (.text:__divi)
                  0000b260    00000100                 : _io_perm.obj (.text:__wrt_ok)
                  0000b360    00000100                 : trgdrv.obj (.text:_HOSTwrite)
                  0000b460    00000100                 : _printfi.obj (.text:__div)
                  0000b560    00000100                 : fseek.obj (.text:_fseek)
                  0000b660    00000100                 : lowlev.obj (.text:_lseek)
                  0000b760    000000e0                 : _printfi.obj (.text:__ecpy)
                  0000b840    000000e0                 : fopen.obj (.text:__cleanup)
                  0000b920    000000e0                 : modf.obj (.text:_modf)
                  0000ba00    000000c0                 : divu.obj (.text:__divu)
                  0000bac0    000000c0                 : memory.obj (.text:_mremove)
                  0000bb80    000000c0                 : trgmsg.obj (.text:_readmsg)
                  0000bc40    000000c0                 : memory.obj (.text:_minsert)
                  0000bd00    000000c0                 : fflush.obj (.text:__doflush)
                  0000bdc0    000000c0                 : trgdrv.obj (.text:_HOSTclose)
                  0000be80    000000c0                 : imath40.obj (.text:__divli)
                  0000bf40    000000c0                 : lowlev.obj (.text:_finddevice)
                  0000c000    000000c0                 : _io_perm.obj (.text:__rd_ok)
                  0000c0c0    000000a0                 : printf.obj (.text:_printf)
                  0000c160    000000a0                 : cmpd.obj (.text:__cmpd)
                  0000c200    000000a0                 : fscanf.obj (.text:_scanf)
                  0000c2a0    000000a0                 : renormd.obj (.text:_renormd)
                  0000c340    000000a0                 : trgmsg.obj (.text:_writemsg)
                  0000c3e0    000000a0                 : cvtdf.obj (.text:__cvtdf)
                  0000c480    000000a0                 : fixdi.obj (.text:__fixdi)
                  0000c520    000000a0                 : imath40.obj (.text:__remli)
                  0000c5c0    000000a0                 : fixdli.obj (.text:__fixdli)
                  0000c660    000000a0                 : mpyll.obj (.text:__mpyll)
                  0000c700    00000080                 : memccpy.obj (.text:_memccpy)
                  0000c780    00000080                 : memcpy64.obj (.text:_memcpy)
                  0000c800    00000080                 : llshift.obj (.text:__llshl)
                  0000c880    00000080                 : lowlev.obj (.text:_unlink)
                  0000c900    00000060                 : boot.obj (.text:_c_int00)
                  0000c960    00000060                 : llshift.obj (.text:__llshru)
                  0000c9c0    00000060                 : cvtfd.obj (.text:__cvtfd)
                  0000ca20    00000060                 : fltid.obj (.text:__fltid)
                  0000ca80    00000060                 : imath64.obj (.text:__subcull)
                  0000cae0    00000060                 : fltif.obj (.text:__fltif)
                  0000cb40    00000040                 : abs.obj (.text:_llabs)
                  0000cb80    00000040                 : args_main.obj (.text:__args_main)
                  0000cbc0    00000040                 : negd.obj (.text:__negd)
                  0000cc00    00000040                 : frcmpyf.obj (.text:__frcmpyf)
                  0000cc40    00000040                 : subd.obj (.text:__subd)
                  0000cc80    00000020                 : _lock.obj (.text:__nop)
                  0000cca0    00000020                 : printf.obj (.text:__outs)
                  0000ccc0    00000020                 : exit.obj (.text:_abort)
                  0000cce0    00000020                 : remove.obj (.text:_remove)
                  0000cd00    00000020                 : trunc.obj (.text:__trunc)
                  0000cd20    00000020                 : printf.obj (.text:__outc)
                  0000cd40    00000020                 : fscanf.obj (.text:__uninpchar)
                  0000cd60    00000020                 : negll.obj (.text:__negll)
                  0000cd80    00000020                 : fscanf.obj (.text:__inpchar)

.far       0    02000000    00000a10     UNINITIALIZED
                  02000000    00000374     rts6400.lib : defs.obj (.far)
                  02000374    00000004                 : errno.obj (.far)
                  02000378    00000190                 : _printfi.obj (.far)
                  02000508    00000190                 : fcvt.obj (.far)
                  02000698    0000011c                 : lowlev.obj (.far)
                  020007b8    000000d0                 : trgdrv.obj (.far)
                  02000888    00000090                 : exit.obj (.far)
                  02000918    00000064                 : ecvt.obj (.far)
                  02000980    00000040                 : sin.obj (.far)
                  020009c0    00000040                 : cos.obj (.far)
                  02000a00    00000008                 : memory.obj (.far)
                  02000a08    00000008                 : _lock.obj (.far)


GLOBAL SYMBOLS: SORTED ALPHABETICALLY BY Name 

address    name
--------   ----
80000000   $bss
80000000   .bss
80000000   .data
00000020   .text
0000ccc0   C$$EXIT
0000c3d8   C$$IO$$
0000bdc0   _HOSTclose
0000a2c0   _HOSTlseek
00009a00   _HOSTopen
0000ad60   _HOSTread
00007b20   _HOSTrename
0000b060   _HOSTunlink
0000b360   _HOSTwrite
80006668   __CIOBUF_
00004000   __STACK_SIZE
00002000   __SYSMEM_SIZE
ffffffff   ___binit__
80000000   ___bss__
ffffffff   ___c_args__
80006000   ___cinit__
80000000   ___data__
80000000   ___edata__
80000000   ___end__
0000cda0   ___etext__
ffffffff   ___pinit__
00000020   ___text__
000091c0   __addd
0000cb80   __args_main
0000ae60   __auto_init
000098a0   __buff_read
0000b840   __cleanup
02000910   __cleanup_ptr
0000c160   __cmpd
800063d0   __ctypes_
0000c3e0   __cvtdf
0000c9c0   __cvtfd
000082e0   __divd
00009740   __divf
0000b160   __divi
0000be80   __divli
00008b80   __divlli
0000ba00   __divu
00008820   __divul
000073e0   __divull
0000bd00   __doflush
02000914   __dtors_ptr
0000c480   __fixdi
0000c5c0   __fixdli
0000ca20   __fltid
0000cae0   __fltif
000078e0   __frcaddd
00006880   __frcdivd
00009320   __frcdivf
0000a740   __frcmpyd
0000cc00   __frcmpyf
02000370   __ft_end
02000000   __ftable
0000c800   __llshl
0000c960   __llshru
02000a08   __lock
000084a0   __mpyd
000095e0   __mpyf
0000c660   __mpyll
0000cbc0   __negd
0000cd60   __negll
0000cc80   __nop
00004880   __printfi
0000c000   __rd_ok
0000c520   __remli
00009480   __round
00000020   __scanfi
80000000   __stack
0000ca80   __subcull
0000cc40   __subd
80004000   __sys_memory
02000230   __tmpnams
0000cd00   __trunc
02000a0c   __unlock
0000b260   __wrt_ok
0000ccc0   _abort
00009b40   _atoi
0000c900   _c_int00
0000a960   _close
00002000   _cos
00004460   _ecvt
02000374   _errno
0000aa60   _exit
00009c80   _fclose
00004020   _fcvt
00009dc0   _fgetc
0000a180   _fputc
00006220   _fputs
00006560   _free
0000b560   _fseek
0000cb40   _llabs
0000b660   _lseek
0000a860   _ltoa
000032c0   _main
00007f20   _malloc
0000c700   _memccpy
0000c780   _memcpy
0000af60   _memset
0000b920   _modf
0000c0c0   _printf
0000ac60   _read
0000bb80   _readmsg
0000cce0   _remove
0000c2a0   _renormd
0000c200   _scanf
00008100   _setvbuf
00002500   _sin
00000940   _strtod
000029a0   _strtol
00000f40   _strtold
00002e40   _strtoll
00003740   _strtoul
00003bc0   _strtoull
0000a3e0   _ungetc
0000c880   _unlink
0000ab60   _write
0000c340   _writemsg
ffffffff   binit
80006000   cinit
80000000   edata
80000000   end
0000cda0   etext
ffffffff   pinit


GLOBAL SYMBOLS: SORTED BY Symbol Address 

address    name
--------   ----
00000020   .text
00000020   ___text__
00000020   __scanfi
00000940   _strtod
00000f40   _strtold
00002000   __SYSMEM_SIZE
00002000   _cos
00002500   _sin
000029a0   _strtol
00002e40   _strtoll
000032c0   _main
00003740   _strtoul
00003bc0   _strtoull
00004000   __STACK_SIZE
00004020   _fcvt
00004460   _ecvt
00004880   __printfi
00006220   _fputs
00006560   _free
00006880   __frcdivd
000073e0   __divull
000078e0   __frcaddd
00007b20   _HOSTrename
00007f20   _malloc
00008100   _setvbuf
000082e0   __divd
000084a0   __mpyd
00008820   __divul
00008b80   __divlli
000091c0   __addd
00009320   __frcdivf
00009480   __round
000095e0   __mpyf
00009740   __divf
000098a0   __buff_read
00009a00   _HOSTopen
00009b40   _atoi
00009c80   _fclose
00009dc0   _fgetc
0000a180   _fputc
0000a2c0   _HOSTlseek
0000a3e0   _ungetc
0000a740   __frcmpyd
0000a860   _ltoa
0000a960   _close
0000aa60   _exit
0000ab60   _write
0000ac60   _read
0000ad60   _HOSTread
0000ae60   __auto_init
0000af60   _memset
0000b060   _HOSTunlink
0000b160   __divi
0000b260   __wrt_ok
0000b360   _HOSTwrite
0000b560   _fseek
0000b660   _lseek
0000b840   __cleanup
0000b920   _modf
0000ba00   __divu
0000bb80   _readmsg
0000bd00   __doflush
0000bdc0   _HOSTclose
0000be80   __divli
0000c000   __rd_ok
0000c0c0   _printf
0000c160   __cmpd
0000c200   _scanf
0000c2a0   _renormd
0000c340   _writemsg
0000c3d8   C$$IO$$
0000c3e0   __cvtdf
0000c480   __fixdi
0000c520   __remli
0000c5c0   __fixdli
0000c660   __mpyll
0000c700   _memccpy
0000c780   _memcpy
0000c800   __llshl
0000c880   _unlink
0000c900   _c_int00
0000c960   __llshru
0000c9c0   __cvtfd
0000ca20   __fltid
0000ca80   __subcull
0000cae0   __fltif
0000cb40   _llabs
0000cb80   __args_main
0000cbc0   __negd
0000cc00   __frcmpyf
0000cc40   __subd
0000cc80   __nop
0000ccc0   _abort
0000ccc0   C$$EXIT
0000cce0   _remove
0000cd00   __trunc
0000cd60   __negll
0000cda0   etext
0000cda0   ___etext__
02000000   __ftable
02000230   __tmpnams
02000370   __ft_end
02000374   _errno
02000910   __cleanup_ptr
02000914   __dtors_ptr
02000a08   __lock
02000a0c   __unlock
80000000   .data
80000000   .bss
80000000   end
80000000   ___bss__
80000000   ___data__
80000000   $bss
80000000   edata
80000000   __stack
80000000   ___edata__
80000000   ___end__
80004000   __sys_memory
80006000   cinit
80006000   ___cinit__
800063d0   __ctypes_
80006668   __CIOBUF_
ffffffff   pinit
ffffffff   ___c_args__
ffffffff   ___pinit__
ffffffff   binit
ffffffff   ___binit__

[127 symbols]
