A51 MACRO ASSEMBLER  DAC                                                                  10/17/2025 10:28:01 PAGE     1


MACRO ASSEMBLER A51 V8.2.7.0
OBJECT MODULE PLACED IN .\Objects\DAC.obj
ASSEMBLER INVOKED BY: C:\Keil_v5\C51\BIN\A51.EXE DAC\DAC.ASM SET(SMALL) DEBUG PRINT(.\Listings\DAC.lst) OBJECT(.\Objects
                      \DAC.obj) EP

LOC  OBJ            LINE     SOURCE

0000                   1     ORG 0000H
0000 7400              2     MOV A,#00H
0002 F590              3     BACK:MOV P1,A
0004 2410              4             ADD A,#10H
0006 110C              5             ACALL DELAY
0008 70F8              6             JNZ BACK
000A 80FE              7             HERE:SJMP HERE
000C 7890              8             DELAY:MOV R0,#90H
000E 79FF              9             WAIT1:MOV R1,#0FFH
0010 7AFF             10             WAIT2:MOV R2,#0FFH
0012 DAFE             11             WAIT3:DJNZ R2,WAIT3
0014 D9FA             12                       DJNZ R1,WAIT2
0016 D8F6             13                       DJNZ R0,WAIT1
0018 22               14                       RET
                      15                       END
A51 MACRO ASSEMBLER  DAC                                                                  10/17/2025 10:28:01 PAGE     2

SYMBOL TABLE LISTING
------ ----- -------


N A M E             T Y P E  V A L U E   ATTRIBUTES

BACK . . . . . . .  C ADDR   0002H   A   
DELAY. . . . . . .  C ADDR   000CH   A   
HERE . . . . . . .  C ADDR   000AH   A   
P1 . . . . . . . .  D ADDR   0090H   A   
WAIT1. . . . . . .  C ADDR   000EH   A   
WAIT2. . . . . . .  C ADDR   0010H   A   
WAIT3. . . . . . .  C ADDR   0012H   A   


REGISTER BANK(S) USED: 0 


ASSEMBLY COMPLETE.  0 WARNING(S), 0 ERROR(S)
