******************************************************************************
          TMS320C6x COFF Linker PC v5.1.0                      
******************************************************************************
>> Linked Wed Dec 17 10:10:09 2025

OUTPUT FILE NAME:   <./Debug/exp10apractice.out>
ENTRY POINT SYMBOL: "_c_int00"  address: 0000cbc0


MEMORY CONFIGURATION

                  name            origin    length      used    attr    fill
         ----------------------  --------  ---------  --------  ----  --------
         PMEM                    00000020   0000ffe0  0000ce00  RWIX
         EXT0                    00400000   01000000  00000000  RWIX
         EXT1                    01400000   00400000  00000000  RWIX
         EXT2                    02000000   01000000  00000984  RWIX
         EXT3                    03000000   01000000  00000000  RWIX
         BMEM                    80000000   00010000  0000671c  RWIX


SECTION ALLOCATION MAP

 output                                  attributes/
section   page    origin      length       input sections
--------  ----  ----------  ----------   ----------------
.bss       0    80000000    00000000     UNINITIALIZED

.data      0    80000000    00000000     UNINITIALIZED

.switch    0    80000000    00000000     UNINITIALIZED

.stack     0    80000000    00004000     UNINITIALIZED
                  80000000    00000008     rts6700.lib : boot.obj (.stack)

.sysmem    0    80004000    00002000     UNINITIALIZED
                  80004000    00000008     rts6700.lib : memory.obj (.sysmem)

.cinit     0    80006000    0000033c     
                  80006000    00000244     rts6700.lib : defs.obj (.cinit)
                  80006244    00000004     --HOLE-- [fill = 0]
                  80006248    0000005c                 : lowlev.obj (.cinit)
                  800062a4    00000004     --HOLE-- [fill = 0]
                  800062a8    0000002c                 : memory.obj (.cinit)
                  800062d4    00000004     --HOLE-- [fill = 0]
                  800062d8    0000002c                 : exit.obj (.cinit)
                  80006304    00000004     --HOLE-- [fill = 0]
                  80006308    0000001c                 : _lock.obj (.cinit)
                  80006324    00000004     --HOLE-- [fill = 0]
                  80006328    0000000c                 : errno.obj (.cinit)
                  80006334    00000008     --HOLE-- [fill = 0]

.const     0    80006340    000002c0     
                  80006340    00000101     rts6700.lib : ctype.obj (.const)
                  80006441    00000002                 : fputs.obj (.const)
                  80006443    00000005     --HOLE-- [fill = 0]
                  80006448    00000098                 : strtold.obj (.const)
                  800064e0    00000098                 : strtod.obj (.const)
                  80006578    0000005e     corelation.obj (.const)
                  800065d6    0000002a     rts6700.lib : _printfi.obj (.const)

.cio       0    80006600    00000120     UNINITIALIZED
                  80006600    00000120     rts6700.lib : trgmsg.obj (.cio)

.text      0    00000020    0000ce00     
                  00000020    00000b40     rts6700.lib : _scanfi.obj (.text:__scanfi)
                  00000b60    00000700                 : strtod.obj (.text:_strtod)
                  00001260    000006e0                 : strtold.obj (.text:_strtold)
                  00001940    000006e0                 : _scanfi.obj (.text:__sset_arg)
                  00002020    000005a0                 : _printfi.obj (.text:__setfield)
                  000025c0    00000540                 : strtol.obj (.text:_strtol)
                  00002b00    00000540                 : strtoul.obj (.text:_strtoul)
                  00003040    00000500                 : strtoll.obj (.text:_strtoll)
                  00003540    00000500                 : strtoull.obj (.text:_strtoull)
                  00003a40    00000480                 : _printfi.obj (.text:__getarg_diouxp)
                  00003ec0    00000480                 : fcvt.obj (.text:_fcvt)
                  00004340    00000480                 : ecvt.obj (.text:_ecvt)
                  000047c0    00000480                 : _printfi.obj (.text:__printfi)
                  00004c40    00000440                 : _printfi.obj (.text:__fcpy)
                  00005080    000003e0                 : _printfi.obj (.text:__pproc_fwp)
                  00005460    000003e0                 : _scanfi.obj (.text:__sproc_int)
                  00005840    000003c0                 : _scanfi.obj (.text:__sget_conv)
                  00005c00    000003c0                 : fputs.obj (.text:_fputs)
                  00005fc0    000003c0                 : _printfi.obj (.text:__pconv_e)
                  00006380    000003a0                 : memory.obj (.text:_free)
                  00006720    00000380                 : imath64.obj (.text:__divull)
                  00006aa0    00000380                 : _printfi.obj (.text:__pproc_str)
                  00006e20    00000340     corelation.obj (.text)
                  00007160    00000340     rts6700.lib : _scanfi.obj (.text:__sproc_float)
                  000074a0    00000320                 : frcdivd.obj (.text:__frcdivd)
                  000077c0    00000300                 : _printfi.obj (.text:__pconv_g)
                  00007ac0    00000300                 : _printfi.obj (.text:__pproc_diouxp)
                  00007dc0    00000280                 : divd.obj (.text:__divd)
                  00008040    00000260                 : imath40.obj (.text:__divul)
                  000082a0    00000260                 : fscanf.obj (.text:__chkmbc)
                  00008500    00000260                 : setvbuf.obj (.text:_setvbuf)
                  00008760    00000240                 : memcpy62.obj (.text:_memcpy)
                  000089a0    00000240                 : trgdrv.obj (.text:_HOSTrename)
                  00008be0    00000220                 : memory.obj (.text:_malloc)
                  00008e00    00000200                 : _printfi.obj (.text:__mcpy)
                  00009000    00000200                 : imath64.obj (.text:__divlli)
                  00009200    000001e0                 : _scanfi.obj (.text:__sproc_lb)
                  000093e0    000001e0                 : _printfi.obj (.text:__ltostr)
                  000095c0    000001c0                 : lowlev.obj (.text:_getdevice)
                  00009780    000001a0                 : _scanfi.obj (.text:__sproc_str)
                  00009920    000001a0                 : _bufread.obj (.text:__buff_read)
                  00009ac0    00000180                 : trgdrv.obj (.text:_HOSTlseek)
                  00009c40    00000180                 : fputc.obj (.text:_fputc)
                  00009dc0    00000160                 : trgdrv.obj (.text:_HOSTopen)
                  00009f20    00000160                 : fclose.obj (.text:_fclose)
                  0000a080    00000160                 : fgetc.obj (.text:_fgetc)
                  0000a1e0    00000160                 : _printfi.obj (.text:__pproc_fflags)
                  0000a340    00000160                 : lowlev.obj (.text:_read)
                  0000a4a0    00000160                 : lowlev.obj (.text:_write)
                  0000a600    00000160                 : lowlev.obj (.text:_lseek)
                  0000a760    00000140                 : atoi.obj (.text:_atoi)
                  0000a8a0    00000140                 : _printfi.obj (.text:__pconv_f)
                  0000a9e0    00000140                 : imath40.obj (.text:__divli)
                  0000ab20    00000140                 : lowlev.obj (.text:_close)
                  0000ac60    00000140                 : autoinit.obj (.text:__auto_init)
                  0000ada0    00000140                 : exit.obj (.text:_exit)
                  0000aee0    00000140                 : ltoa.obj (.text:_ltoa)
                  0000b020    00000140                 : ungetc.obj (.text:_ungetc)
                  0000b160    00000140                 : memset.obj (.text:_memset)
                  0000b2a0    00000120                 : fseek.obj (.text:_fseek)
                  0000b3c0    00000120                 : _printfi.obj (.text:__div)
                  0000b4e0    00000120                 : _io_perm.obj (.text:__wrt_ok)
                  0000b600    00000120                 : _printfi.obj (.text:__pproc_fge)
                  0000b720    00000120                 : divi.obj (.text:__divi)
                  0000b840    00000120                 : trgdrv.obj (.text:_HOSTwrite)
                  0000b960    00000120                 : trgdrv.obj (.text:_HOSTunlink)
                  0000ba80    00000120                 : _scanfi.obj (.text:__sget_scanset)
                  0000bba0    00000120                 : trgdrv.obj (.text:_HOSTread)
                  0000bcc0    00000100                 : fopen.obj (.text:__cleanup)
                  0000bdc0    00000100                 : trgdrv.obj (.text:_HOSTclose)
                  0000bec0    00000100                 : _printfi.obj (.text:__ecpy)
                  0000bfc0    000000e0                 : memory.obj (.text:_minsert)
                  0000c0a0    000000e0                 : memory.obj (.text:_mremove)
                  0000c180    000000e0                 : _io_perm.obj (.text:__rd_ok)
                  0000c260    000000e0                 : fflush.obj (.text:__doflush)
                  0000c340    000000c0                 : divu.obj (.text:__divu)
                  0000c400    000000c0                 : trgmsg.obj (.text:_writemsg)
                  0000c4c0    000000c0                 : trgmsg.obj (.text:_readmsg)
                  0000c580    000000c0                 : fixdli.obj (.text:__fixdli)
                  0000c640    000000c0                 : lowlev.obj (.text:_finddevice)
                  0000c700    000000a0                 : printf.obj (.text:_printf)
                  0000c7a0    000000a0                 : imath40.obj (.text:__remli)
                  0000c840    000000a0                 : memccpy.obj (.text:_memccpy)
                  0000c8e0    000000a0                 : fscanf.obj (.text:_scanf)
                  0000c980    000000a0                 : mpyll.obj (.text:__mpyll)
                  0000ca20    000000a0                 : lowlev.obj (.text:_unlink)
                  0000cac0    00000080                 : llshift.obj (.text:__llshru)
                  0000cb40    00000080                 : llshift.obj (.text:__llshl)
                  0000cbc0    00000080                 : boot.obj (.text:_c_int00)
                  0000cc40    00000060                 : imath64.obj (.text:__subcull)
                  0000cca0    00000040                 : args_main.obj (.text:__args_main)
                  0000cce0    00000040                 : abs.obj (.text:_llabs)
                  0000cd20    00000020                 : exit.obj (.text:_abort)
                  0000cd40    00000020                 : _lock.obj (.text:__nop)
                  0000cd60    00000020                 : fscanf.obj (.text:__inpchar)
                  0000cd80    00000020                 : negll.obj (.text:__negll)
                  0000cda0    00000020                 : printf.obj (.text:__outs)
                  0000cdc0    00000020                 : printf.obj (.text:__outc)
                  0000cde0    00000020                 : fscanf.obj (.text:__uninpchar)
                  0000ce00    00000020                 : remove.obj (.text:_remove)

.far       0    02000000    00000984     UNINITIALIZED
                  02000000    00000374     rts6700.lib : defs.obj (.far)
                  02000374    00000190                 : fcvt.obj (.far)
                  02000504    00000190                 : _printfi.obj (.far)
                  02000694    0000011c                 : lowlev.obj (.far)
                  020007b0    000000d0                 : trgdrv.obj (.far)
                  02000880    0000008c                 : exit.obj (.far)
                  0200090c    00000064                 : ecvt.obj (.far)
                  02000970    00000008                 : _lock.obj (.far)
                  02000978    00000008                 : memory.obj (.far)
                  02000980    00000004                 : errno.obj (.far)


GLOBAL SYMBOLS: SORTED ALPHABETICALLY BY Name 

address    name
--------   ----
80000000   $bss
80000000   .bss
80000000   .data
00000020   .text
0000cd20   C$$EXIT
0000c4ac   C$$IO$$
0000bdc0   _HOSTclose
00009ac0   _HOSTlseek
00009dc0   _HOSTopen
0000bba0   _HOSTread
000089a0   _HOSTrename
0000b960   _HOSTunlink
0000b840   _HOSTwrite
80006600   __CIOBUF_
00004000   __STACK_SIZE
00002000   __SYSMEM_SIZE
ffffffff   ___binit__
80000000   ___bss__
ffffffff   ___c_args__
80006000   ___cinit__
80000000   ___data__
80000000   ___edata__
80000000   ___end__
0000ce20   ___etext__
ffffffff   ___pinit__
00000020   ___text__
0000cca0   __args_main
0000ac60   __auto_init
00009920   __buff_read
0000bcc0   __cleanup
02000904   __cleanup_ptr
80006340   __ctypes_
00007dc0   __divd
0000b720   __divi
0000a9e0   __divli
00009000   __divlli
0000c340   __divu
00008040   __divul
00006720   __divull
0000c260   __doflush
02000908   __dtors_ptr
0000c580   __fixdli
000074a0   __frcdivd
02000370   __ft_end
02000000   __ftable
0000cb40   __llshl
0000cac0   __llshru
02000970   __lock
0000c980   __mpyll
0000cd80   __negll
0000cd40   __nop
000047c0   __printfi
0000c180   __rd_ok
0000c7a0   __remli
00000020   __scanfi
80000000   __stack
0000cc40   __subcull
80004000   __sys_memory
02000230   __tmpnams
02000974   __unlock
0000b4e0   __wrt_ok
0000cd20   _abort
0000a760   _atoi
0000cbc0   _c_int00
0000ab20   _close
00004340   _ecvt
02000980   _errno
0000ada0   _exit
00009f20   _fclose
00003ec0   _fcvt
0000a080   _fgetc
00009c40   _fputc
00005c00   _fputs
00006380   _free
0000b2a0   _fseek
0000cce0   _llabs
0000a600   _lseek
0000aee0   _ltoa
00006e20   _main
00008be0   _malloc
0000c840   _memccpy
00008760   _memcpy
0000b160   _memset
0000c700   _printf
0000a340   _read
0000c4c0   _readmsg
0000ce00   _remove
0000c8e0   _scanf
00008500   _setvbuf
00000b60   _strtod
000025c0   _strtol
00001260   _strtold
00003040   _strtoll
00002b00   _strtoul
00003540   _strtoull
0000b020   _ungetc
0000ca20   _unlink
0000a4a0   _write
0000c400   _writemsg
ffffffff   binit
80006000   cinit
80000000   edata
80000000   end
0000ce20   etext
ffffffff   pinit


GLOBAL SYMBOLS: SORTED BY Symbol Address 

address    name
--------   ----
00000020   .text
00000020   ___text__
00000020   __scanfi
00000b60   _strtod
00001260   _strtold
00002000   __SYSMEM_SIZE
000025c0   _strtol
00002b00   _strtoul
00003040   _strtoll
00003540   _strtoull
00003ec0   _fcvt
00004000   __STACK_SIZE
00004340   _ecvt
000047c0   __printfi
00005c00   _fputs
00006380   _free
00006720   __divull
00006e20   _main
000074a0   __frcdivd
00007dc0   __divd
00008040   __divul
00008500   _setvbuf
00008760   _memcpy
000089a0   _HOSTrename
00008be0   _malloc
00009000   __divlli
00009920   __buff_read
00009ac0   _HOSTlseek
00009c40   _fputc
00009dc0   _HOSTopen
00009f20   _fclose
0000a080   _fgetc
0000a340   _read
0000a4a0   _write
0000a600   _lseek
0000a760   _atoi
0000a9e0   __divli
0000ab20   _close
0000ac60   __auto_init
0000ada0   _exit
0000aee0   _ltoa
0000b020   _ungetc
0000b160   _memset
0000b2a0   _fseek
0000b4e0   __wrt_ok
0000b720   __divi
0000b840   _HOSTwrite
0000b960   _HOSTunlink
0000bba0   _HOSTread
0000bcc0   __cleanup
0000bdc0   _HOSTclose
0000c180   __rd_ok
0000c260   __doflush
0000c340   __divu
0000c400   _writemsg
0000c4ac   C$$IO$$
0000c4c0   _readmsg
0000c580   __fixdli
0000c700   _printf
0000c7a0   __remli
0000c840   _memccpy
0000c8e0   _scanf
0000c980   __mpyll
0000ca20   _unlink
0000cac0   __llshru
0000cb40   __llshl
0000cbc0   _c_int00
0000cc40   __subcull
0000cca0   __args_main
0000cce0   _llabs
0000cd20   _abort
0000cd20   C$$EXIT
0000cd40   __nop
0000cd80   __negll
0000ce00   _remove
0000ce20   etext
0000ce20   ___etext__
02000000   __ftable
02000230   __tmpnams
02000370   __ft_end
02000904   __cleanup_ptr
02000908   __dtors_ptr
02000970   __lock
02000974   __unlock
02000980   _errno
80000000   end
80000000   edata
80000000   .data
80000000   .bss
80000000   $bss
80000000   ___data__
80000000   ___edata__
80000000   ___end__
80000000   __stack
80000000   ___bss__
80004000   __sys_memory
80006000   ___cinit__
80006000   cinit
80006340   __ctypes_
80006600   __CIOBUF_
ffffffff   pinit
ffffffff   ___c_args__
ffffffff   ___pinit__
ffffffff   binit
ffffffff   ___binit__

[105 symbols]
